Archive member included because of file (symbol)

c:/program files (x86)/gnu tools arm embedded/4.8 2014q3/bin/../lib/gcc/arm-none-eabi/4.8.4/../../../../arm-none-eabi/lib/armv7e-m/fpu\libm.a(lib_a-s_cos.o)
                              ..\obj\main.o (cos)
c:/program files (x86)/gnu tools arm embedded/4.8 2014q3/bin/../lib/gcc/arm-none-eabi/4.8.4/../../../../arm-none-eabi/lib/armv7e-m/fpu\libm.a(lib_a-s_sin.o)
                              ..\obj\main.o (sin)
c:/program files (x86)/gnu tools arm embedded/4.8 2014q3/bin/../lib/gcc/arm-none-eabi/4.8.4/../../../../arm-none-eabi/lib/armv7e-m/fpu\libm.a(lib_a-sf_modf.o)
                              ..\obj\my_standard_io.o (modff)
c:/program files (x86)/gnu tools arm embedded/4.8 2014q3/bin/../lib/gcc/arm-none-eabi/4.8.4/../../../../arm-none-eabi/lib/armv7e-m/fpu\libm.a(lib_a-sf_round.o)
                              ..\obj\my_standard_io.o (roundf)
c:/program files (x86)/gnu tools arm embedded/4.8 2014q3/bin/../lib/gcc/arm-none-eabi/4.8.4/../../../../arm-none-eabi/lib/armv7e-m/fpu\libm.a(lib_a-w_pow.o)
                              ..\obj\my_standard_io.o (pow)
c:/program files (x86)/gnu tools arm embedded/4.8 2014q3/bin/../lib/gcc/arm-none-eabi/4.8.4/../../../../arm-none-eabi/lib/armv7e-m/fpu\libm.a(lib_a-wf_pow.o)
                              ..\obj\my_standard_io.o (powf)
c:/program files (x86)/gnu tools arm embedded/4.8 2014q3/bin/../lib/gcc/arm-none-eabi/4.8.4/../../../../arm-none-eabi/lib/armv7e-m/fpu\libm.a(lib_a-e_pow.o)
                              c:/program files (x86)/gnu tools arm embedded/4.8 2014q3/bin/../lib/gcc/arm-none-eabi/4.8.4/../../../../arm-none-eabi/lib/armv7e-m/fpu\libm.a(lib_a-w_pow.o) (__ieee754_pow)
c:/program files (x86)/gnu tools arm embedded/4.8 2014q3/bin/../lib/gcc/arm-none-eabi/4.8.4/../../../../arm-none-eabi/lib/armv7e-m/fpu\libm.a(lib_a-e_rem_pio2.o)
                              c:/program files (x86)/gnu tools arm embedded/4.8 2014q3/bin/../lib/gcc/arm-none-eabi/4.8.4/../../../../arm-none-eabi/lib/armv7e-m/fpu\libm.a(lib_a-s_cos.o) (__ieee754_rem_pio2)
c:/program files (x86)/gnu tools arm embedded/4.8 2014q3/bin/../lib/gcc/arm-none-eabi/4.8.4/../../../../arm-none-eabi/lib/armv7e-m/fpu\libm.a(lib_a-e_sqrt.o)
                              c:/program files (x86)/gnu tools arm embedded/4.8 2014q3/bin/../lib/gcc/arm-none-eabi/4.8.4/../../../../arm-none-eabi/lib/armv7e-m/fpu\libm.a(lib_a-e_pow.o) (__ieee754_sqrt)
c:/program files (x86)/gnu tools arm embedded/4.8 2014q3/bin/../lib/gcc/arm-none-eabi/4.8.4/../../../../arm-none-eabi/lib/armv7e-m/fpu\libm.a(lib_a-ef_pow.o)
                              c:/program files (x86)/gnu tools arm embedded/4.8 2014q3/bin/../lib/gcc/arm-none-eabi/4.8.4/../../../../arm-none-eabi/lib/armv7e-m/fpu\libm.a(lib_a-wf_pow.o) (__ieee754_powf)
c:/program files (x86)/gnu tools arm embedded/4.8 2014q3/bin/../lib/gcc/arm-none-eabi/4.8.4/../../../../arm-none-eabi/lib/armv7e-m/fpu\libm.a(lib_a-ef_sqrt.o)
                              c:/program files (x86)/gnu tools arm embedded/4.8 2014q3/bin/../lib/gcc/arm-none-eabi/4.8.4/../../../../arm-none-eabi/lib/armv7e-m/fpu\libm.a(lib_a-ef_pow.o) (__ieee754_sqrtf)
c:/program files (x86)/gnu tools arm embedded/4.8 2014q3/bin/../lib/gcc/arm-none-eabi/4.8.4/../../../../arm-none-eabi/lib/armv7e-m/fpu\libm.a(lib_a-k_cos.o)
                              c:/program files (x86)/gnu tools arm embedded/4.8 2014q3/bin/../lib/gcc/arm-none-eabi/4.8.4/../../../../arm-none-eabi/lib/armv7e-m/fpu\libm.a(lib_a-s_cos.o) (__kernel_cos)
c:/program files (x86)/gnu tools arm embedded/4.8 2014q3/bin/../lib/gcc/arm-none-eabi/4.8.4/../../../../arm-none-eabi/lib/armv7e-m/fpu\libm.a(lib_a-k_rem_pio2.o)
                              c:/program files (x86)/gnu tools arm embedded/4.8 2014q3/bin/../lib/gcc/arm-none-eabi/4.8.4/../../../../arm-none-eabi/lib/armv7e-m/fpu\libm.a(lib_a-e_rem_pio2.o) (__kernel_rem_pio2)
c:/program files (x86)/gnu tools arm embedded/4.8 2014q3/bin/../lib/gcc/arm-none-eabi/4.8.4/../../../../arm-none-eabi/lib/armv7e-m/fpu\libm.a(lib_a-k_sin.o)
                              c:/program files (x86)/gnu tools arm embedded/4.8 2014q3/bin/../lib/gcc/arm-none-eabi/4.8.4/../../../../arm-none-eabi/lib/armv7e-m/fpu\libm.a(lib_a-s_cos.o) (__kernel_sin)
c:/program files (x86)/gnu tools arm embedded/4.8 2014q3/bin/../lib/gcc/arm-none-eabi/4.8.4/../../../../arm-none-eabi/lib/armv7e-m/fpu\libm.a(lib_a-s_fabs.o)
                              c:/program files (x86)/gnu tools arm embedded/4.8 2014q3/bin/../lib/gcc/arm-none-eabi/4.8.4/../../../../arm-none-eabi/lib/armv7e-m/fpu\libm.a(lib_a-e_pow.o) (fabs)
c:/program files (x86)/gnu tools arm embedded/4.8 2014q3/bin/../lib/gcc/arm-none-eabi/4.8.4/../../../../arm-none-eabi/lib/armv7e-m/fpu\libm.a(lib_a-s_finite.o)
                              c:/program files (x86)/gnu tools arm embedded/4.8 2014q3/bin/../lib/gcc/arm-none-eabi/4.8.4/../../../../arm-none-eabi/lib/armv7e-m/fpu\libm.a(lib_a-w_pow.o) (finite)
[...]
Memory Configuration

Name             Origin             Length             Attributes
rom              0x08000000         0x00100000         xr
ram              0x20000000         0x00020000         xrw
ram1             0x10000000         0x00010000         xrw
*default*        0x00000000         0xffffffff

Linker script and memory map

                0x20020000                _eram = 0x20020000

.text           0x08000000     0x7e44
 *(.isr_vector)
 .isr_vector    0x08000000      0x188 ..\obj\startup_stm32f4xx.o
                0x08000000                g_pfnVectors
 *(.text*)
 .text.USB_OTG_EnableCommonInt
                0x08000188       0x44 ..\obj\usb_core.o
 .text.USB_OTG_CoreReset
                0x080001cc       0x8c ..\obj\usb_core.o
 .text.USB_OTG_WritePacket
                0x08000258       0x70 ..\obj\usb_core.o
                0x08000258                USB_OTG_WritePacket
 .text.USB_OTG_ReadPacket
                0x080002c8       0x58 ..\obj\usb_core.o
                0x080002c8                USB_OTG_ReadPacket
 .text.USB_OTG_SelectCore
                0x08000320      0x174 ..\obj\usb_core.o
                0x08000320                USB_OTG_SelectCore
 .text.USB_OTG_CoreInit
                0x08000494      0x1dc ..\obj\usb_core.o
                0x08000494                USB_OTG_CoreInit
 .text.USB_OTG_EnableGlobalInt
                0x08000670       0x38 ..\obj\usb_core.o
                0x08000670                USB_OTG_EnableGlobalInt
 .text.USB_OTG_DisableGlobalInt
                0x080006a8       0x38 ..\obj\usb_core.o
                0x080006a8                USB_OTG_DisableGlobalInt
 .text.USB_OTG_FlushTxFifo
                0x080006e0       0x74 ..\obj\usb_core.o
                0x080006e0                USB_OTG_FlushTxFifo
 .text.USB_OTG_FlushRxFifo
                0x08000754       0x60 ..\obj\usb_core.o
                0x08000754                USB_OTG_FlushRxFifo
 .text.USB_OTG_SetCurrentMode
                0x080007b4       0x60 ..\obj\usb_core.o
                0x080007b4                USB_OTG_SetCurrentMode
 .text.USB_OTG_GetMode
                0x08000814       0x20 ..\obj\usb_core.o
                0x08000814                USB_OTG_GetMode
 .text.USB_OTG_IsDeviceMode
                0x08000834       0x24 ..\obj\usb_core.o
                0x08000834                USB_OTG_IsDeviceMode
 .text.USB_OTG_ReadCoreItr
                0x08000858       0x30 ..\obj\usb_core.o
                0x08000858                USB_OTG_ReadCoreItr
 .text.USB_OTG_InitDevSpeed
                0x08000888       0x38 ..\obj\usb_core.o
                0x08000888                USB_OTG_InitDevSpeed
 .text.USB_OTG_CoreInitDev
                0x080008c0      0x27c ..\obj\usb_core.o
                0x080008c0                USB_OTG_CoreInitDev
 .text.USB_OTG_EnableDevInt
                0x08000b3c       0x98 ..\obj\usb_core.o
                0x08000b3c                USB_OTG_EnableDevInt
 .text.USB_OTG_GetDeviceSpeed
                0x08000bd4       0x48 ..\obj\usb_core.o
                0x08000bd4                USB_OTG_GetDeviceSpeed
 .text.USB_OTG_EP0Activate
                0x08000c1c       0x78 ..\obj\usb_core.o
                0x08000c1c                USB_OTG_EP0Activate
 .text.USB_OTG_EPActivate
                0x08000c94       0xdc ..\obj\usb_core.o
                0x08000c94                USB_OTG_EPActivate
 .text.USB_OTG_EPDeactivate
                0x08000d70       0x8c ..\obj\usb_core.o
                0x08000d70                USB_OTG_EPDeactivate
 .text.USB_OTG_EPStartXfer
                0x08000dfc      0x280 ..\obj\usb_core.o
                0x08000dfc                USB_OTG_EPStartXfer
 .text.USB_OTG_EP0StartXfer
                0x0800107c      0x1d4 ..\obj\usb_core.o
                0x0800107c                USB_OTG_EP0StartXfer
 .text.USB_OTG_EPSetStall
                0x08001250       0x88 ..\obj\usb_core.o
                0x08001250                USB_OTG_EPSetStall
 .text.USB_OTG_EPClearStall
                0x080012d8       0x78 ..\obj\usb_core.o
                0x080012d8                USB_OTG_EPClearStall
 .text.USB_OTG_ReadDevAllOutEp_itr
                0x08001350       0x2c ..\obj\usb_core.o
                0x08001350                USB_OTG_ReadDevAllOutEp_itr
 .text.USB_OTG_ReadDevOutEP_itr
                0x0800137c       0x38 ..\obj\usb_core.o
                0x0800137c                USB_OTG_ReadDevOutEP_itr
 .text.USB_OTG_ReadDevAllInEPItr
                0x080013b4       0x2c ..\obj\usb_core.o
                0x080013b4                USB_OTG_ReadDevAllInEPItr
 .text.USB_OTG_EP0_OutStart
                0x080013e0       0x70 ..\obj\usb_core.o
                0x080013e0                USB_OTG_EP0_OutStart
 .text.USB_OTG_UngateClock
                0x08001450       0x54 ..\obj\usb_core.o
                0x08001450                USB_OTG_UngateClock
 .text.Init_port
                0x080014a4       0xbc ..\obj\config_port.o
                0x080014a4                Init_port
 .text.USBD_USR_Init
                0x08001560        0xc ..\obj\usbd_usr.o
                0x08001560                USBD_USR_Init
 .text.USBD_USR_DeviceReset
                0x0800156c       0x28 ..\obj\usbd_usr.o
                0x0800156c                USBD_USR_DeviceReset
 .text.USBD_USR_DeviceConfigured
                0x08001594        0xc ..\obj\usbd_usr.o
                0x08001594                USBD_USR_DeviceConfigured
 .text.USBD_USR_DeviceConnected
                0x080015a0        0xc ..\obj\usbd_usr.o
                0x080015a0                USBD_USR_DeviceConnected
 .text.USBD_USR_DeviceDisconnected
                0x080015ac        0xc ..\obj\usbd_usr.o
                0x080015ac                USBD_USR_DeviceDisconnected
 .text.USBD_USR_DeviceSuspended
                0x080015b8        0xc ..\obj\usbd_usr.o
                0x080015b8                USBD_USR_DeviceSuspended
 .text.USBD_USR_DeviceResumed
                0x080015c4        0xc ..\obj\usbd_usr.o
                0x080015c4                USBD_USR_DeviceResumed
 .text.TIM1_UP_TIM10_IRQHandler
                0x080015d0       0x4c ..\obj\config_encoder.o
                0x080015d0                TIM1_UP_TIM10_IRQHandler
 .text.TIM2_IRQHandler
                0x0800161c       0x50 ..\obj\config_encoder.o
                0x0800161c                TIM2_IRQHandler
 .text.TIM3_IRQHandler
                0x0800166c       0x4c ..\obj\config_encoder.o
                0x0800166c                TIM3_IRQHandler
 .text.TIM4_IRQHandler
                0x080016b8       0x4c ..\obj\config_encoder.o
                0x080016b8                TIM4_IRQHandler
 .text.TIM5_IRQHandler
                0x08001704       0x4c ..\obj\config_encoder.o
                0x08001704                TIM5_IRQHandler
 .text.TIM8_UP_TIM13_IRQHandler
                0x08001750       0x4c ..\obj\config_encoder.o
                0x08001750                TIM8_UP_TIM13_IRQHandler
 .text.usb_put_char
                0x0800179c       0x18 ..\obj\config_usb.o
                0x0800179c                usb_put_char
 .text.Init_usb
                0x080017b4       0x2c ..\obj\config_usb.o
                0x080017b4                Init_usb
 .text.ColorfulRingOfDeath
                0x080017e0       0x4c ..\obj\config_usb.o
                0x080017e0                ColorfulRingOfDeath
 .text.NMI_Handler
                0x0800182c        0xc ..\obj\config_usb.o
                0x0800182c                NMI_Handler
 .text.HardFault_Handler
                0x08001838        0xc ..\obj\config_usb.o
                0x08001838                HardFault_Handler
 .text.MemManage_Handler
                0x08001844        0xc ..\obj\config_usb.o
                0x08001844                MemManage_Handler
 .text.BusFault_Handler
                0x08001850        0xc ..\obj\config_usb.o
                0x08001850                BusFault_Handler
 .text.UsageFault_Handler
                0x0800185c        0xc ..\obj\config_usb.o
                0x0800185c                UsageFault_Handler
 .text.SVC_Handler
                0x08001868        0xc ..\obj\config_usb.o
                0x08001868                SVC_Handler
 .text.DebugMon_Handler
                0x08001874        0xc ..\obj\config_usb.o
                0x08001874                DebugMon_Handler
 .text.PendSV_Handler
                0x08001880        0xc ..\obj\config_usb.o
                0x08001880                PendSV_Handler
 .text.OTG_FS_IRQHandler
                0x0800188c       0x10 ..\obj\config_usb.o
                0x0800188c                OTG_FS_IRQHandler
 .text.OTG_FS_WKUP_IRQHandler
                0x0800189c       0x34 ..\obj\config_usb.o
                0x0800189c                OTG_FS_WKUP_IRQHandler
 .text.USART_Init
                0x080018d0      0x174 ..\obj\stm32f4xx_usart.o
                0x080018d0                USART_Init
 .text.USART_Cmd
                0x08001a44       0x40 ..\obj\stm32f4xx_usart.o
                0x08001a44                USART_Cmd
 .text.USART_ReceiveData
                0x08001a84       0x20 ..\obj\stm32f4xx_usart.o
                0x08001a84                USART_ReceiveData
 .text.USART_ITConfig
                0x08001aa4       0x90 ..\obj\stm32f4xx_usart.o
                0x08001aa4                USART_ITConfig
 *fill*         0x08001b34        0x4 
 .text.put_i    0x08001b38       0xf0 ..\obj\my_standard_io.o
                0x08001b38                put_i
 .text.put_si   0x08001c28       0x34 ..\obj\my_standard_io.o
                0x08001c28                put_si
 *fill*         0x08001c5c        0x4 
 .text.put_f    0x08001c60      0x100 ..\obj\my_standard_io.o
                0x08001c60                put_f
 .text.put_st   0x08001d60       0x40 ..\obj\my_standard_io.o
                0x08001d60                put_st
 .text.put_enter
                0x08001da0       0x1c ..\obj\my_standard_io.o
                0x08001da0                put_enter
 .text.f_print  0x08001dbc       0x34 ..\obj\my_standard_io.o
                0x08001dbc                f_print
 .text.write_value
                0x08001df0       0x24 ..\obj\my_standard_io.o
                0x08001df0                write_value
 .text.read_value
                0x08001e14       0x2c ..\obj\my_standard_io.o
                0x08001e14                read_value
 .text.value_wr_data
                0x08001e40       0xa4 ..\obj\my_standard_io.o
                0x08001e40                value_wr_data
 *fill*         0x08001ee4        0x4 
 .text.receive_order_c
                0x08001ee8      0x1a8 ..\obj\my_standard_io.o
                0x08001ee8                receive_order_c
 .text.Default_Reset_Handler
                0x08002090       0x6c ..\obj\startup_stm32f4xx.o
                0x08002090                Default_Reset_Handler
                0x08002090                Reset_Handler
 .text.Default_Handler
                0x080020fc        0x8 ..\obj\startup_stm32f4xx.o
                0x080020fc                RTC_Alarm_IRQHandler
                0x080020fc                HASH_RNG_IRQHandler
                0x080020fc                EXTI2_IRQHandler
                0x080020fc                TIM8_CC_IRQHandler
                0x080020fc                TIM1_CC_IRQHandler
                0x080020fc                DMA2_Stream5_IRQHandler
                0x080020fc                DMA1_Stream5_IRQHandler
                0x080020fc                PVD_IRQHandler
                0x080020fc                SDIO_IRQHandler
                0x080020fc                TAMP_STAMP_IRQHandler
                0x080020fc                CAN2_RX1_IRQHandler
                0x080020fc                EXTI3_IRQHandler
                0x080020fc                TIM8_TRG_COM_TIM14_IRQHandler
                0x080020fc                I2C3_ER_IRQHandler
                0x080020fc                EXTI0_IRQHandler
                0x080020fc                I2C2_EV_IRQHandler
                0x080020fc                DMA1_Stream2_IRQHandler
                0x080020fc                CAN1_RX0_IRQHandler
                0x080020fc                FPU_IRQHandler
                0x080020fc                OTG_HS_WKUP_IRQHandler
                0x080020fc                CAN2_SCE_IRQHandler
                0x080020fc                DMA2_Stream2_IRQHandler
                0x080020fc                SPI1_IRQHandler
                0x080020fc                TIM6_DAC_IRQHandler
                0x080020fc                TIM1_BRK_TIM9_IRQHandler
                0x080020fc                DCMI_IRQHandler
                0x080020fc                CAN2_RX0_IRQHandler
                0x080020fc                DMA2_Stream3_IRQHandler
                0x080020fc                USART6_IRQHandler
                0x080020fc                CRYP_IRQHandler
                0x080020fc                CAN1_RX1_IRQHandler
                0x080020fc                UART5_IRQHandler
                0x080020fc                DMA2_Stream0_IRQHandler
                0x080020fc                I2C1_EV_IRQHandler
                0x080020fc                DMA1_Stream6_IRQHandler
                0x080020fc                DMA1_Stream1_IRQHandler
                0x080020fc                UART4_IRQHandler
                0x080020fc                RCC_IRQHandler
                0x080020fc                TIM8_BRK_TIM12_IRQHandler
                0x080020fc                EXTI15_10_IRQHandler
                0x080020fc                ADC_IRQHandler
                0x080020fc                DMA1_Stream7_IRQHandler
                0x080020fc                TIM7_IRQHandler
                0x080020fc                CAN2_TX_IRQHandler
                0x080020fc                DMA2_Stream7_IRQHandler
                0x080020fc                I2C3_EV_IRQHandler
                0x080020fc                EXTI9_5_IRQHandler
                0x080020fc                RTC_WKUP_IRQHandler
                0x080020fc                ETH_WKUP_IRQHandler
                0x080020fc                SPI2_IRQHandler
                0x080020fc                OTG_HS_EP1_IN_IRQHandler
                0x080020fc                DMA1_Stream0_IRQHandler
                0x080020fc                CAN1_TX_IRQHandler
                0x080020fc                EXTI4_IRQHandler
                0x080020fc                FSMC_IRQHandler
                0x080020fc                ETH_IRQHandler
                0x080020fc                OTG_HS_EP1_OUT_IRQHandler
                0x080020fc                WWDG_IRQHandler
                0x080020fc                TIM1_TRG_COM_TIM11_IRQHandler
                0x080020fc                OTG_HS_IRQHandler
                0x080020fc                EXTI1_IRQHandler
                0x080020fc                I2C2_ER_IRQHandler
                0x080020fc                DMA2_Stream1_IRQHandler
                0x080020fc                CAN1_SCE_IRQHandler
                0x080020fc                FLASH_IRQHandler
                0x080020fc                DMA2_Stream4_IRQHandler
                0x080020fc                SPI3_IRQHandler
                0x080020fc                DMA1_Stream4_IRQHandler
                0x080020fc                I2C1_ER_IRQHandler
                0x080020fc                DMA2_Stream6_IRQHandler
                0x080020fc                DMA1_Stream3_IRQHandler
 .text.USBD_Init
                0x08002104       0x54 ..\obj\usbd_core.o
                0x08002104                USBD_Init
 .text.USBD_DeInit
                0x08002158       0x18 ..\obj\usbd_core.o
                0x08002158                USBD_DeInit
 .text.USBD_SetupStage
                0x08002170       0x6c ..\obj\usbd_core.o
 .text.USBD_DataOutStage
                0x080021dc       0xd0 ..\obj\usbd_core.o
 .text.USBD_DataInStage
                0x080022ac      0x104 ..\obj\usbd_core.o
 .text.USBD_Reset
                0x080023b0       0x44 ..\obj\usbd_core.o
 .text.USBD_Resume
                0x080023f4       0x24 ..\obj\usbd_core.o
 .text.USBD_Suspend
                0x08002418       0x24 ..\obj\usbd_core.o
 .text.USBD_SOF
                0x0800243c       0x2c ..\obj\usbd_core.o
 .text.USBD_SetCfg
                0x08002468       0x30 ..\obj\usbd_core.o
                0x08002468                USBD_SetCfg
 .text.USBD_ClrCfg
                0x08002498       0x28 ..\obj\usbd_core.o
                0x08002498                USBD_ClrCfg
 .text.USBD_IsoINIncomplete
                0x080024c0       0x20 ..\obj\usbd_core.o
 .text.USBD_IsoOUTIncomplete
                0x080024e0       0x20 ..\obj\usbd_core.o
 .text.main     0x08002500       0xbc ..\obj\main.o
                0x08002500                main
 .text.RCC_GetClocksFreq
                0x080025bc      0x154 ..\obj\stm32f4xx_rcc.o
                0x080025bc                RCC_GetClocksFreq
 .text.RCC_AHB1PeriphClockCmd
                0x08002710       0x3c ..\obj\stm32f4xx_rcc.o
                0x08002710                RCC_AHB1PeriphClockCmd
 .text.RCC_AHB2PeriphClockCmd
                0x0800274c       0x3c ..\obj\stm32f4xx_rcc.o
                0x0800274c                RCC_AHB2PeriphClockCmd
 .text.RCC_APB1PeriphClockCmd
                0x08002788       0x3c ..\obj\stm32f4xx_rcc.o
                0x08002788                RCC_APB1PeriphClockCmd
 .text.RCC_APB2PeriphClockCmd
                0x080027c4       0x3c ..\obj\stm32f4xx_rcc.o
                0x080027c4                RCC_APB2PeriphClockCmd
 .text.RCC_APB1PeriphResetCmd
                0x08002800       0x3c ..\obj\stm32f4xx_rcc.o
                0x08002800                RCC_APB1PeriphResetCmd
 .text.USBD_USR_DeviceDescriptor
                0x0800283c       0x24 ..\obj\usbd_desc.o
                0x0800283c                USBD_USR_DeviceDescriptor
 .text.USBD_USR_LangIDStrDescriptor
                0x08002860       0x24 ..\obj\usbd_desc.o
                0x08002860                USBD_USR_LangIDStrDescriptor
 .text.USBD_USR_ProductStrDescriptor
                0x08002884       0x40 ..\obj\usbd_desc.o
                0x08002884                USBD_USR_ProductStrDescriptor
 .text.USBD_USR_ManufacturerStrDescriptor
                0x080028c4       0x28 ..\obj\usbd_desc.o
                0x080028c4                USBD_USR_ManufacturerStrDescriptor
 .text.USBD_USR_SerialStrDescriptor
                0x080028ec       0x40 ..\obj\usbd_desc.o
                0x080028ec                USBD_USR_SerialStrDescriptor
 .text.USBD_USR_ConfigStrDescriptor
                0x0800292c       0x3c ..\obj\usbd_desc.o
                0x0800292c                USBD_USR_ConfigStrDescriptor
 .text.USBD_USR_InterfaceStrDescriptor
                0x08002968       0x3c ..\obj\usbd_desc.o
                0x08002968                USBD_USR_InterfaceStrDescriptor
 .text.NVIC_SetPriority
                0x080029a4       0x54 ..\obj\config_systick.o
 .text.SysTick_Config
                0x080029f8       0x44 ..\obj\config_systick.o
 .text.SysTick_Handler
                0x08002a3c       0x1c ..\obj\config_systick.o
                0x08002a3c                SysTick_Handler
 .text.Init_SysTick
                0x08002a58       0x44 ..\obj\config_systick.o
                0x08002a58                Init_SysTick
 .text.GPIO_Init
                0x08002a9c      0x11c ..\obj\stm32f4xx_gpio.o
                0x08002a9c                GPIO_Init
 .text.GPIO_StructInit
                0x08002bb8       0x34 ..\obj\stm32f4xx_gpio.o
                0x08002bb8                GPIO_StructInit
 .text.GPIO_ResetBits
                0x08002bec       0x1c ..\obj\stm32f4xx_gpio.o
                0x08002bec                GPIO_ResetBits
 .text.GPIO_PinAFConfig
                0x08002c08       0x8c ..\obj\stm32f4xx_gpio.o
                0x08002c08                GPIO_PinAFConfig
 .text.VCP_Init
                0x08002c94       0x10 ..\obj\usbd_cdc_vcp.o
 .text.VCP_DeInit
                0x08002ca4       0x10 ..\obj\usbd_cdc_vcp.o
 .text.VCP_Ctrl
                0x08002cb4      0x110 ..\obj\usbd_cdc_vcp.o
 .text.VCP_put_char
                0x08002dc4       0x1c ..\obj\usbd_cdc_vcp.o
                0x08002dc4                VCP_put_char
 .text.VCP_DataTx
                0x08002de0       0x60 ..\obj\usbd_cdc_vcp.o
 .text.VCP_DataRx
                0x08002e40       0x70 ..\obj\usbd_cdc_vcp.o
 .text.SystemInit
                0x08002eb0       0x68 ..\obj\system_stm32f4xx.o
                0x08002eb0                SystemInit
 .text.SystemCoreClockUpdate
                0x08002f18       0xf8 ..\obj\system_stm32f4xx.o
                0x08002f18                SystemCoreClockUpdate
 .text.SetSysClock
                0x08003010       0xf4 ..\obj\system_stm32f4xx.o
 .text.USB_OTG_BSP_Init
                0x08003104       0xb0 ..\obj\usb_bsp.o
                0x08003104                USB_OTG_BSP_Init
 .text.USB_OTG_BSP_EnableInterrupt
                0x080031b4       0x30 ..\obj\usb_bsp.o
                0x080031b4                USB_OTG_BSP_EnableInterrupt
 .text.USB_OTG_BSP_uDelay
                0x080031e4       0x48 ..\obj\usb_bsp.o
                0x080031e4                USB_OTG_BSP_uDelay
 .text.USB_OTG_BSP_mDelay
                0x0800322c       0x20 ..\obj\usb_bsp.o
                0x0800322c                USB_OTG_BSP_mDelay
 .text.USBD_StdDevReq
                0x0800324c       0xa0 ..\obj\usbd_req.o
                0x0800324c                USBD_StdDevReq
 .text.USBD_StdItfReq
                0x080032ec       0x68 ..\obj\usbd_req.o
                0x080032ec                USBD_StdItfReq
 .text.USBD_StdEPReq
                0x08003354      0x1b0 ..\obj\usbd_req.o
                0x08003354                USBD_StdEPReq
 .text.USBD_GetDescriptor
                0x08003504      0x1b8 ..\obj\usbd_req.o
 .text.USBD_SetAddress
                0x080036bc       0x7c ..\obj\usbd_req.o
 .text.USBD_SetConfig
                0x08003738       0xf4 ..\obj\usbd_req.o
 .text.USBD_GetConfig
                0x0800382c       0x60 ..\obj\usbd_req.o
 .text.USBD_GetStatus
                0x0800388c       0x50 ..\obj\usbd_req.o
 .text.USBD_SetFeature
                0x080038dc       0xcc ..\obj\usbd_req.o
 .text.USBD_ClrFeature
                0x080039a8       0x50 ..\obj\usbd_req.o
 .text.USBD_ParseSetupRequest
                0x080039f8       0x8c ..\obj\usbd_req.o
                0x080039f8                USBD_ParseSetupRequest
 .text.USBD_CtlError
                0x08003a84       0x48 ..\obj\usbd_req.o
                0x08003a84                USBD_CtlError
 .text.USBD_GetString
                0x08003acc       0x7c ..\obj\usbd_req.o
                0x08003acc                USBD_GetString
 .text.USBD_GetLen
                0x08003b48       0x30 ..\obj\usbd_req.o
 .text.USBD_OTG_ISR_Handler
                0x08003b78      0x15c ..\obj\usb_dcd_int.o
                0x08003b78                USBD_OTG_ISR_Handler
 .text.DCD_HandleResume_ISR
                0x08003cd4       0x80 ..\obj\usb_dcd_int.o
 .text.DCD_HandleUSBSuspend_ISR
                0x08003d54       0x9c ..\obj\usb_dcd_int.o
 .text.DCD_HandleInEP_ISR
                0x08003df0      0x1ec ..\obj\usb_dcd_int.o
 .text.DCD_HandleOutEP_ISR
                0x08003fdc      0x178 ..\obj\usb_dcd_int.o
 .text.DCD_HandleSof_ISR
                0x08004154       0x34 ..\obj\usb_dcd_int.o
 .text.DCD_HandleRxStatusQueueLevel_ISR
                0x08004188      0x104 ..\obj\usb_dcd_int.o
 .text.DCD_WriteEmptyTxFifo
                0x0800428c       0xe4 ..\obj\usb_dcd_int.o
 .text.DCD_HandleUsbReset_ISR
                0x08004370      0x144 ..\obj\usb_dcd_int.o
 .text.DCD_HandleEnumDone_ISR
                0x080044b4       0x78 ..\obj\usb_dcd_int.o
 .text.DCD_IsoINIncomplete_ISR
                0x0800452c       0x34 ..\obj\usb_dcd_int.o
 .text.DCD_IsoOUTIncomplete_ISR
                0x08004560       0x34 ..\obj\usb_dcd_int.o
 .text.DCD_ReadDevInEP
                0x08004594       0x50 ..\obj\usb_dcd_int.o
 .text.usbd_cdc_Init
                0x080045e4       0x88 ..\obj\usbd_cdc_core.o
 .text.usbd_cdc_DeInit
                0x0800466c       0x38 ..\obj\usbd_cdc_core.o
 .text.usbd_cdc_Setup
                0x080046a4      0x120 ..\obj\usbd_cdc_core.o
 .text.usbd_cdc_EP0_RxReady
                0x080047c4       0x44 ..\obj\usbd_cdc_core.o
 .text.usbd_cdc_DataIn
                0x08004808       0xc0 ..\obj\usbd_cdc_core.o
 .text.usbd_cdc_DataOut
                0x080048c8       0x54 ..\obj\usbd_cdc_core.o
 .text.usbd_cdc_SOF
                0x0800491c       0x30 ..\obj\usbd_cdc_core.o
 .text.Handle_USBAsynchXfer
                0x0800494c      0x100 ..\obj\usbd_cdc_core.o
 .text.USBD_cdc_GetCfgDesc
                0x08004a4c       0x24 ..\obj\usbd_cdc_core.o
 .text.EXTI_ClearITPendingBit
                0x08004a70       0x1c ..\obj\stm32f4xx_exti.o
                0x08004a70                EXTI_ClearITPendingBit
 .text.GPIO_af_USART_select
                0x08004a8c       0x84 ..\obj\name_converter.o
                0x08004a8c                GPIO_af_USART_select
 .text.USART_irqn_select
                0x08004b10       0x84 ..\obj\name_converter.o
                0x08004b10                USART_irqn_select
 .text.RCC_PeriphClock_USART
                0x08004b94      0x12c ..\obj\name_converter.o
                0x08004b94                RCC_PeriphClock_USART
 .text.Pin_select_source
                0x08004cc0       0xec ..\obj\name_converter.o
                0x08004cc0                Pin_select_source
 .text.NVIC_PriorityGroupConfig
                0x08004dac       0x24 ..\obj\misc.o
                0x08004dac                NVIC_PriorityGroupConfig
 .text.NVIC_Init
                0x08004dd0       0xbc ..\obj\misc.o
                0x08004dd0                NVIC_Init
 .text.DCD_Init
                0x08004e8c      0x100 ..\obj\usb_dcd.o
                0x08004e8c                DCD_Init
 .text.DCD_EP_Open
                0x08004f8c       0x9c ..\obj\usb_dcd.o
                0x08004f8c                DCD_EP_Open
 .text.DCD_EP_Close
                0x08005028       0x70 ..\obj\usb_dcd.o
                0x08005028                DCD_EP_Close
 .text.DCD_EP_PrepareRx
                0x08005098       0x80 ..\obj\usb_dcd.o
                0x08005098                DCD_EP_PrepareRx
 .text.DCD_EP_Tx
                0x08005118       0x78 ..\obj\usb_dcd.o
                0x08005118                DCD_EP_Tx
 .text.DCD_EP_Stall
                0x08005190       0x74 ..\obj\usb_dcd.o
                0x08005190                DCD_EP_Stall
 .text.DCD_EP_ClrStall
                0x08005204       0x74 ..\obj\usb_dcd.o
                0x08005204                DCD_EP_ClrStall
 .text.DCD_EP_SetAddress
                0x08005278       0x3c ..\obj\usb_dcd.o
                0x08005278                DCD_EP_SetAddress
 .text.USBD_CtlSendData
                0x080052b4       0x40 ..\obj\usbd_ioreq.o
                0x080052b4                USBD_CtlSendData
 .text.USBD_CtlContinueSendData
                0x080052f4       0x28 ..\obj\usbd_ioreq.o
                0x080052f4                USBD_CtlContinueSendData
 .text.USBD_CtlPrepareRx
                0x0800531c       0x40 ..\obj\usbd_ioreq.o
                0x0800531c                USBD_CtlPrepareRx
 .text.USBD_CtlContinueRx
                0x0800535c       0x28 ..\obj\usbd_ioreq.o
                0x0800535c                USBD_CtlContinueRx
 .text.USBD_CtlSendStatus
                0x08005384       0x30 ..\obj\usbd_ioreq.o
                0x08005384                USBD_CtlSendStatus
 .text.USBD_CtlReceiveStatus
                0x080053b4       0x30 ..\obj\usbd_ioreq.o
                0x080053b4                USBD_CtlReceiveStatus
 .text.USART1_IRQHandler
                0x080053e4        0xc ..\obj\config_usart.o
                0x080053e4                USART1_IRQHandler
 .text.USART2_IRQHandler
                0x080053f0        0xc ..\obj\config_usart.o
                0x080053f0                USART2_IRQHandler
 .text.USART3_IRQHandler
                0x080053fc       0x1c ..\obj\config_usart.o
                0x080053fc                USART3_IRQHandler
 .text.Init_USART
                0x08005418       0xdc ..\obj\config_usart.o
                0x08005418                Init_USART
 .text.TIM_ClearITPendingBit
                0x080054f4       0x20 ..\obj\stm32f4xx_tim.o
                0x080054f4                TIM_ClearITPendingBit
 .text.modff    0x08005514       0x5c c:/program files (x86)/gnu tools arm embedded/4.8 2014q3/bin/../lib/gcc/arm-none-eabi/4.8.4/../../../../arm-none-eabi/lib/armv7e-m/fpu\libm.a(lib_a-sf_modf.o)
                0x08005514                modff
 .text.roundf   0x08005570       0x54 c:/program files (x86)/gnu tools arm embedded/4.8 2014q3/bin/../lib/gcc/arm-none-eabi/4.8.4/../../../../arm-none-eabi/lib/armv7e-m/fpu\libm.a(lib_a-sf_round.o)
                0x08005570                roundf
 .text.pow      0x080055c4      0x340 c:/program files (x86)/gnu tools arm embedded/4.8 2014q3/bin/../lib/gcc/arm-none-eabi/4.8.4/../../../../arm-none-eabi/lib/armv7e-m/fpu\libm.a(lib_a-w_pow.o)
                0x080055c4                pow
 .text.powf     0x08005904      0x348 c:/program files (x86)/gnu tools arm embedded/4.8 2014q3/bin/../lib/gcc/arm-none-eabi/4.8.4/../../../../arm-none-eabi/lib/armv7e-m/fpu\libm.a(lib_a-wf_pow.o)
                0x08005904                powf
 *fill*         0x08005c4c        0x4 
 .text.__ieee754_pow
                0x08005c50      0xae8 c:/program files (x86)/gnu tools arm embedded/4.8 2014q3/bin/../lib/gcc/arm-none-eabi/4.8.4/../../../../arm-none-eabi/lib/armv7e-m/fpu\libm.a(lib_a-e_pow.o)
                0x08005c50                __ieee754_pow
 .text.__ieee754_sqrt
                0x08006738      0x198 c:/program files (x86)/gnu tools arm embedded/4.8 2014q3/bin/../lib/gcc/arm-none-eabi/4.8.4/../../../../arm-none-eabi/lib/armv7e-m/fpu\libm.a(lib_a-e_sqrt.o)
                0x08006738                __ieee754_sqrt
 .text.__ieee754_powf
                0x080068d0      0x5c8 c:/program files (x86)/gnu tools arm embedded/4.8 2014q3/bin/../lib/gcc/arm-none-eabi/4.8.4/../../../../arm-none-eabi/lib/armv7e-m/fpu\libm.a(lib_a-ef_pow.o)
                0x080068d0                __ieee754_powf
 .text.__ieee754_sqrtf
                0x08006e98       0xa4 c:/program files (x86)/gnu tools arm embedded/4.8 2014q3/bin/../lib/gcc/arm-none-eabi/4.8.4/../../../../arm-none-eabi/lib/armv7e-m/fpu\libm.a(lib_a-ef_sqrt.o)
                0x08006e98                __ieee754_sqrtf
 .text.fabs     0x08006f3c       0x14 c:/program files (x86)/gnu tools arm embedded/4.8 2014q3/bin/../lib/gcc/arm-none-eabi/4.8.4/../../../../arm-none-eabi/lib/armv7e-m/fpu\libm.a(lib_a-s_fabs.o)
                0x08006f3c                fabs
 .text.finite   0x08006f50       0x10 c:/program files (x86)/gnu tools arm embedded/4.8 2014q3/bin/../lib/gcc/arm-none-eabi/4.8.4/../../../../arm-none-eabi/lib/armv7e-m/fpu\libm.a(lib_a-s_finite.o)
                0x08006f50                finite
 .text.__fpclassifyd
                0x08006f60       0x54 c:/program files (x86)/gnu tools arm embedded/4.8 2014q3/bin/../lib/gcc/arm-none-eabi/4.8.4/../../../../arm-none-eabi/lib/armv7e-m/fpu\libm.a(lib_a-s_fpclassify.o)
                0x08006f60                __fpclassifyd
 .text.matherr  0x08006fb4        0x4 c:/program files (x86)/gnu tools arm embedded/4.8 2014q3/bin/../lib/gcc/arm-none-eabi/4.8.4/../../../../arm-none-eabi/lib/armv7e-m/fpu\libm.a(lib_a-s_matherr.o)
                0x08006fb4                matherr
 .text.nan      0x08006fb8       0x10 c:/program files (x86)/gnu tools arm embedded/4.8 2014q3/bin/../lib/gcc/arm-none-eabi/4.8.4/../../../../arm-none-eabi/lib/armv7e-m/fpu\libm.a(lib_a-s_nan.o)
                0x08006fb8                nan
 .text.rint     0x08006fc8      0x120 c:/program files (x86)/gnu tools arm embedded/4.8 2014q3/bin/../lib/gcc/arm-none-eabi/4.8.4/../../../../arm-none-eabi/lib/armv7e-m/fpu\libm.a(lib_a-s_rint.o)
                0x08006fc8                rint
 .text.scalbn   0x080070e8      0x120 c:/program files (x86)/gnu tools arm embedded/4.8 2014q3/bin/../lib/gcc/arm-none-eabi/4.8.4/../../../../arm-none-eabi/lib/armv7e-m/fpu\libm.a(lib_a-s_scalbn.o)
                0x080070e8                scalbn
 .text.fabsf    0x08007208       0x10 c:/program files (x86)/gnu tools arm embedded/4.8 2014q3/bin/../lib/gcc/arm-none-eabi/4.8.4/../../../../arm-none-eabi/lib/armv7e-m/fpu\libm.a(lib_a-sf_fabs.o)
                0x08007208                fabsf
 .text.finitef  0x08007218       0x14 c:/program files (x86)/gnu tools arm embedded/4.8 2014q3/bin/../lib/gcc/arm-none-eabi/4.8.4/../../../../arm-none-eabi/lib/armv7e-m/fpu\libm.a(lib_a-sf_finite.o)
                0x08007218                finitef
 .text.__fpclassifyf
                0x0800722c       0x38 c:/program files (x86)/gnu tools arm embedded/4.8 2014q3/bin/../lib/gcc/arm-none-eabi/4.8.4/../../../../arm-none-eabi/lib/armv7e-m/fpu\libm.a(lib_a-sf_fpclassify.o)
                0x0800722c                __fpclassifyf
 .text.nanf     0x08007264        0xc c:/program files (x86)/gnu tools arm embedded/4.8 2014q3/bin/../lib/gcc/arm-none-eabi/4.8.4/../../../../arm-none-eabi/lib/armv7e-m/fpu\libm.a(lib_a-sf_nan.o)
                0x08007264                nanf
 .text.scalbnf  0x08007270       0xd8 c:/program files (x86)/gnu tools arm embedded/4.8 2014q3/bin/../lib/gcc/arm-none-eabi/4.8.4/../../../../arm-none-eabi/lib/armv7e-m/fpu\libm.a(lib_a-sf_scalbn.o)
                0x08007270                scalbnf
 .text.copysign
                0x08007348       0x24 c:/program files (x86)/gnu tools arm embedded/4.8 2014q3/bin/../lib/gcc/arm-none-eabi/4.8.4/../../../../arm-none-eabi/lib/armv7e-m/fpu\libm.a(lib_a-s_copysign.o)
                0x08007348                copysign
 .text.copysignf
                0x0800736c       0x18 c:/program files (x86)/gnu tools arm embedded/4.8 2014q3/bin/../lib/gcc/arm-none-eabi/4.8.4/../../../../arm-none-eabi/lib/armv7e-m/fpu\libm.a(lib_a-sf_copysign.o)
                0x0800736c                copysignf
 .text          0x08007384      0x370 c:/program files (x86)/gnu tools arm embedded/4.8 2014q3/bin/../lib/gcc/arm-none-eabi/4.8.4/armv7e-m/fpu\libgcc.a(_arm_addsubdf3.o)
                0x08007384                __aeabi_drsub
                0x0800738c                __aeabi_dsub
                0x0800738c                __subdf3
                0x08007390                __aeabi_dadd
                0x08007390                __adddf3
                0x08007608                __floatunsidf
                0x08007608                __aeabi_ui2d
                0x08007628                __floatsidf
                0x08007628                __aeabi_i2d
                0x0800764c                __aeabi_f2d
                0x0800764c                __extendsfdf2
                0x08007688                __floatundidf
                0x08007688                __aeabi_ul2d
                0x08007698                __floatdidf
                0x08007698                __aeabi_l2d
 .text          0x080076f4      0x424 c:/program files (x86)/gnu tools arm embedded/4.8 2014q3/bin/../lib/gcc/arm-none-eabi/4.8.4/armv7e-m/fpu\libgcc.a(_arm_muldivdf3.o)
                0x080076f4                __aeabi_dmul
                0x080076f4                __muldf3
                0x08007948                __divdf3
                0x08007948                __aeabi_ddiv
 .text          0x08007b18      0x110 c:/program files (x86)/gnu tools arm embedded/4.8 2014q3/bin/../lib/gcc/arm-none-eabi/4.8.4/armv7e-m/fpu\libgcc.a(_arm_cmpdf2.o)
                0x08007b18                __gtdf2
                0x08007b18                __gedf2
                0x08007b20                __ltdf2
                0x08007b20                __ledf2
                0x08007b28                __nedf2
                0x08007b28                __eqdf2
                0x08007b28                __cmpdf2
                0x08007ba4                __aeabi_cdrcmple
                0x08007bb4                __aeabi_cdcmpeq
                0x08007bb4                __aeabi_cdcmple
                0x08007bc4                __aeabi_dcmpeq
                0x08007bd8                __aeabi_dcmplt
                0x08007bec                __aeabi_dcmple
                0x08007c00                __aeabi_dcmpge
                0x08007c14                __aeabi_dcmpgt
 .text          0x08007c28       0x40 c:/program files (x86)/gnu tools arm embedded/4.8 2014q3/bin/../lib/gcc/arm-none-eabi/4.8.4/armv7e-m/fpu\libgcc.a(_arm_fixunsdfsi.o)
                0x08007c28                __aeabi_d2uiz
                0x08007c28                __fixunsdfsi
 .text          0x08007c68       0xa0 c:/program files (x86)/gnu tools arm embedded/4.8 2014q3/bin/../lib/gcc/arm-none-eabi/4.8.4/armv7e-m/fpu\libgcc.a(_arm_truncdfsf2.o)
                0x08007c68                __truncdfsf2
                0x08007c68                __aeabi_d2f
 .text.__errno  0x08007d08        0xc c:/program files (x86)/gnu tools arm embedded/4.8 2014q3/bin/../lib/gcc/arm-none-eabi/4.8.4/../../../../arm-none-eabi/lib/armv7e-m/fpu\libc.a(lib_a-errno.o)
                0x08007d08                __errno
 *(.init)
 *(.fini)
 *crtbegin.o(.ctors)
 *crtbegin?.o(.ctors)
 *(EXCLUDE_FILE(*crtend.o *crtend?.o) .ctors)
 *(SORT(.ctors.*))
 *(.ctors)
 *crtbegin.o(.dtors)
 *crtbegin?.o(.dtors)
 *(EXCLUDE_FILE(*crtend.o *crtend?.o) .dtors)
 *(SORT(.dtors.*))
 *(.dtors)
 *(.rodata*)
 .rodata        0x08007d14       0x2c ..\obj\main.o
 .rodata        0x08007d40       0x98 ..\obj\usbd_desc.o
 .rodata.str1.4
                0x08007dd8        0x4 c:/program files (x86)/gnu tools arm embedded/4.8 2014q3/bin/../lib/gcc/arm-none-eabi/4.8.4/../../../../arm-none-eabi/lib/armv7e-m/fpu\libm.a(lib_a-w_pow.o)
 .rodata.str1.4
                0x08007ddc        0x5 c:/program files (x86)/gnu tools arm embedded/4.8 2014q3/bin/../lib/gcc/arm-none-eabi/4.8.4/../../../../arm-none-eabi/lib/armv7e-m/fpu\libm.a(lib_a-wf_pow.o)
                                  0x8 (size before relaxing)
 *fill*         0x08007de1        0x7 
 .rodata.dp_h   0x08007de8       0x10 c:/program files (x86)/gnu tools arm embedded/4.8 2014q3/bin/../lib/gcc/arm-none-eabi/4.8.4/../../../../arm-none-eabi/lib/armv7e-m/fpu\libm.a(lib_a-e_pow.o)
 .rodata.dp_l   0x08007df8       0x10 c:/program files (x86)/gnu tools arm embedded/4.8 2014q3/bin/../lib/gcc/arm-none-eabi/4.8.4/../../../../arm-none-eabi/lib/armv7e-m/fpu\libm.a(lib_a-e_pow.o)
 .rodata.bp     0x08007e08       0x10 c:/program files (x86)/gnu tools arm embedded/4.8 2014q3/bin/../lib/gcc/arm-none-eabi/4.8.4/../../../../arm-none-eabi/lib/armv7e-m/fpu\libm.a(lib_a-e_pow.o)
 .rodata.str1.4
                0x00000000        0x5 c:/program files (x86)/gnu tools arm embedded/4.8 2014q3/bin/../lib/gcc/arm-none-eabi/4.8.4/../../../../arm-none-eabi/lib/armv7e-m/fpu\libm.a(lib_a-e_pow.o)
                                  0x4 (size before relaxing)
 .rodata.dp_h   0x08007e18        0x8 c:/program files (x86)/gnu tools arm embedded/4.8 2014q3/bin/../lib/gcc/arm-none-eabi/4.8.4/../../../../arm-none-eabi/lib/armv7e-m/fpu\libm.a(lib_a-ef_pow.o)
 .rodata.dp_l   0x08007e20        0x8 c:/program files (x86)/gnu tools arm embedded/4.8 2014q3/bin/../lib/gcc/arm-none-eabi/4.8.4/../../../../arm-none-eabi/lib/armv7e-m/fpu\libm.a(lib_a-ef_pow.o)
 .rodata.bp     0x08007e28        0x8 c:/program files (x86)/gnu tools arm embedded/4.8 2014q3/bin/../lib/gcc/arm-none-eabi/4.8.4/../../../../arm-none-eabi/lib/armv7e-m/fpu\libm.a(lib_a-ef_pow.o)
 .rodata.str1.4
                0x00000000        0x4 c:/program files (x86)/gnu tools arm embedded/4.8 2014q3/bin/../lib/gcc/arm-none-eabi/4.8.4/../../../../arm-none-eabi/lib/armv7e-m/fpu\libm.a(lib_a-ef_pow.o)
 .rodata.TWO52  0x08007e30       0x10 c:/program files (x86)/gnu tools arm embedded/4.8 2014q3/bin/../lib/gcc/arm-none-eabi/4.8.4/../../../../arm-none-eabi/lib/armv7e-m/fpu\libm.a(lib_a-s_rint.o)
 .rodata.str1.4
                0x08007e40        0x4 c:/program files (x86)/gnu tools arm embedded/4.8 2014q3/bin/../lib/gcc/arm-none-eabi/4.8.4/../../../../arm-none-eabi/lib/armv7e-m/fpu\libc.a(lib_a-impure.o)
 *(.eh_fram e*)

.glue_7         0x08007e44        0x0
 .glue_7        0x00000000        0x0 linker stubs

.glue_7t        0x08007e44        0x0
 .glue_7t       0x00000000        0x0 linker stubs

.vfp11_veneer   0x08007e44        0x0
 .vfp11_veneer  0x00000000        0x0 linker stubs

.v4_bx          0x08007e44        0x0
 .v4_bx         0x00000000        0x0 linker stubs

.iplt           0x08007e44        0x0
 .iplt          0x00000000        0x0 ..\obj\config_pwm.o

.rel.dyn        0x08007e44        0x0
 .rel.iplt      0x00000000        0x0 ..\obj\config_pwm.o

.ARM.extab
 *(.ARM.extab* .gnu.linkonce.armextab.*)
                0x08007e44                __exidx_start = .

.ARM.exidx
 *(.ARM.exidx* .gnu.linkonce.armexidx.*)
                0x08007e44                __exidx_end = .
                0x08007e44                __etext = .
                0x08007e44                _sidata = __etext

.data           0x20000000      0x574 load address 0x08007e44
                0x20000000                __data_start__ = .
                0x20000000                _sdata = __data_start__
 *(vtable)
 *(.data*)
 .data          0x20000000       0x1c ..\obj\usbd_usr.o
                0x20000000                USR_cb
 .data          0x2000001c       0x30 ..\obj\usbd_core.o
                0x2000001c                USBD_DCD_INT_cb
                0x20000048                USBD_DCD_INT_fops
 .data          0x2000004c       0x10 ..\obj\stm32f4xx_rcc.o
 .data          0x2000005c       0x40 ..\obj\usbd_desc.o
                0x2000005c                USR_desc
                0x20000078                USBD_DeviceDesc
                0x2000008c                USBD_DeviceQualifierDesc
                0x20000098                USBD_LangIDDesc
 .data          0x2000009c       0x1c ..\obj\usbd_cdc_vcp.o
                0x2000009c                linecoding
                0x200000a4                VCP_fops
 .data          0x200000b8       0x14 ..\obj\system_stm32f4xx.o
                0x200000b8                SystemCoreClock
                0x200000bc                AHBPrescTable
 .data          0x200000cc       0x74 ..\obj\usbd_cdc_core.o
                0x200000cc                usbd_cdc_CfgDesc
                0x20000114                USBD_CDC_cb
 .data.__fdlib_version
                0x20000140        0x1 c:/program files (x86)/gnu tools arm embedded/4.8 2014q3/bin/../lib/gcc/arm-none-eabi/4.8.4/../../../../arm-none-eabi/lib/armv7e-m/fpu\libm.a(lib_a-s_lib_ver.o)
                0x20000140                __fdlib_version
 *fill*         0x20000141        0x7 
 .data.impure_data
                0x20000148      0x428 c:/program files (x86)/gnu tools arm embedded/4.8 2014q3/bin/../lib/gcc/arm-none-eabi/4.8.4/../../../../arm-none-eabi/lib/armv7e-m/fpu\libc.a(lib_a-impure.o)
 .data._impure_ptr
                0x20000570        0x4 c:/program files (x86)/gnu tools arm embedded/4.8 2014q3/bin/../lib/gcc/arm-none-eabi/4.8.4/../../../../arm-none-eabi/lib/armv7e-m/fpu\libc.a(lib_a-impure.o)
                0x20000570                _impure_ptr
                0x20000574                . = ALIGN (0x4)
                0x20000574                PROVIDE (__preinit_array_start, .)
 *(.preinit_array)
                0x20000574                PROVIDE (__preinit_array_end, .)
                0x20000574                . = ALIGN (0x4)
                0x20000574                PROVIDE (__init_array_start, .)
 *(SORT(.init_array.*))
 *(.init_array)
                0x20000574                PROVIDE (__init_array_end, .)
                0x20000574                . = ALIGN (0x4)
                0x20000574                PROVIDE (__fini_array_start, .)
 *(SORT(.fini_array.*))
 *(.fini_array)
                0x20000574                PROVIDE (__fini_array_end, .)
 *(.jcr*)
                0x20000574                . = ALIGN (0x4)
                0x20000574                __data_end__ = .
                0x20000574                _edata = __data_end__

.igot.plt       0x20000574        0x0 load address 0x080083b8
 .igot.plt      0x00000000        0x0 ..\obj\config_pwm.o

.bss            0x20000574     0x1098 load address 0x080083b8
                0x20000574                . = ALIGN (0x4)
                0x20000574                __bss_start__ = .
                0x20000574                _sbss = __bss_start__
 *(.bss*)
 .bss           0x20000574       0x30 ..\obj\config_encoder.o
                0x20000574                g_over_tim1
                0x20000578                g_under_tim1
                0x2000057c                g_over_tim2
                0x20000580                g_under_tim2
                0x20000584                g_over_tim3
                0x20000588                g_under_tim3
                0x2000058c                g_over_tim4
                0x20000590                g_under_tim4
                0x20000594                g_over_tim5
                0x20000598                g_under_tim5
                0x2000059c                g_over_tim8
                0x200005a0                g_under_tim8
 .bss           0x200005a4       0xe8 ..\obj\my_standard_io.o
 .bss           0x2000068c        0x4 ..\obj\config_systick.o
                0x2000068c                g_timer
 .bss           0x20000690       0x10 ..\obj\usbd_req.o
                0x20000690                USBD_ep_status
                0x20000694                USBD_default_cfg
                0x20000698                USBD_cfg_status
 .bss           0x200006a0       0x1c ..\obj\usbd_cdc_core.o
                0x200006a4                APP_Rx_ptr_in
                0x200006a8                APP_Rx_ptr_out
                0x200006ac                APP_Rx_length
                0x200006b0                USB_Tx_State
 .bss           0x200006bc        0x8 ..\obj\name_converter.o
 *(COMMON)
 COMMON         0x200006c4      0x5f0 ..\obj\config_usb.o
                0x200006c4                USB_OTG_dev
 COMMON         0x20000cb4       0x98 ..\obj\usbd_cdc_vcp.o
                0x20000cb4                APP_Tx_Buffer
                0x20000d34                APP_tx_ptr_tail
                0x20000d38                USART_InitStructure
                0x20000d48                APP_tx_ptr_head
 COMMON         0x20000d4c       0x32 ..\obj\usbd_req.o
                0x20000d4c                USBD_StrDesc
 *fill*         0x20000d7e        0x2 
 COMMON         0x20000d80      0x88c ..\obj\usbd_cdc_core.o
                0x20000d80                usbd_cdc_OtherCfgDesc
                0x20000dc4                USB_Rx_Buffer
                0x20000e04                CmdBuff
                0x20000e0c                APP_Rx_Buffer
                0x2000160c                . = ALIGN (0x4)
                0x2000160c                __bss_end__ = .
                0x2000160c                _ebss = __bss_end__

.heap           0x2000160c        0x0
                0x2000160c                __end__ = .
                0x2000160c                _end = __end__
                0x2000160c                end = __end__
 *(.heap*)
                0x2000160c                __HeapLimit = .

.co_stack       0x2000160c      0x804 load address 0x08009450
                0x20001610                . = ALIGN (0x8)
 *fill*         0x2000160c        0x4 
 *(.co_stack .co_stack.*)
 .co_stack      0x20001610      0x800 ..\obj\startup_stm32f4xx.o
                0x20001610                pulStack
                0x20020000                __StackTop = (ORIGIN (ram) + 0x20000)
                0x2001f7fc                __StackLimit = (__StackTop - SIZEOF (.co_stack))
                0x20020000                PROVIDE (__stack, __StackTop)
                0x00000001                ASSERT ((__StackLimit >= __HeapLimit), region ram  overflowed with stack)
LOAD ..\obj\config_pwm.o
LOAD ..\obj\stm32f4xx_syscfg.o
LOAD ..\obj\usb_core.o
LOAD ..\obj\config_port.o
LOAD ..\obj\usbd_usr.o
LOAD ..\obj\config_encoder.o
LOAD ..\obj\config_usb.o
LOAD ..\obj\stm32f4xx_usart.o
LOAD ..\obj\stm32f4xx_pwr.o
LOAD ..\obj\my_standard_io.o
LOAD ..\obj\startup_stm32f4xx.o
LOAD ..\obj\stm32f4xx_crc.o
LOAD ..\obj\usbd_core.o
LOAD ..\obj\main.o
LOAD ..\obj\stm32f4xx_rcc.o
LOAD ..\obj\stm32f4xx_adc.o
LOAD ..\obj\config_adc.o
LOAD ..\obj\usbd_desc.o
LOAD ..\obj\config_systick.o
LOAD ..\obj\stm32f4xx_gpio.o
LOAD ..\obj\usbd_cdc_vcp.o
LOAD ..\obj\system_stm32f4xx.o
LOAD ..\obj\syscalls.o
LOAD ..\obj\stm32f4xx_dma.o
LOAD ..\obj\usb_bsp.o
LOAD ..\obj\usbd_req.o
LOAD ..\obj\usb_dcd_int.o
LOAD ..\obj\usbd_cdc_core.o
LOAD ..\obj\stm32f4xx_exti.o
LOAD ..\obj\name_converter.o
LOAD ..\obj\misc.o
LOAD ..\obj\usb_dcd.o
LOAD ..\obj\usbd_ioreq.o
LOAD ..\obj\config_usart.o
LOAD ..\obj\stm32f4xx_tim.o
LOAD c:/program files (x86)/gnu tools arm embedded/4.8 2014q3/bin/../lib/gcc/arm-none-eabi/4.8.4/../../../../arm-none-eabi/lib/armv7e-m/fpu\libm.a
LOAD c:/program files (x86)/gnu tools arm embedded/4.8 2014q3/bin/../lib/gcc/arm-none-eabi/4.8.4/armv7e-m/fpu\libgcc.a
LOAD c:/program files (x86)/gnu tools arm embedded/4.8 2014q3/bin/../lib/gcc/arm-none-eabi/4.8.4/../../../../arm-none-eabi/lib/armv7e-m/fpu\libc.a
START GROUP
LOAD c:/program files (x86)/gnu tools arm embedded/4.8 2014q3/bin/../lib/gcc/arm-none-eabi/4.8.4/armv7e-m/fpu\libgcc.a
LOAD c:/program files (x86)/gnu tools arm embedded/4.8 2014q3/bin/../lib/gcc/arm-none-eabi/4.8.4/../../../../arm-none-eabi/lib/armv7e-m/fpu\libg.a
LOAD c:/program files (x86)/gnu tools arm embedded/4.8 2014q3/bin/../lib/gcc/arm-none-eabi/4.8.4/../../../../arm-none-eabi/lib/armv7e-m/fpu\libc.a
END GROUP
OUTPUT(sample_stm32f4_rp.elf elf32-littlearm)

.debug_info     0x00000000    0x12f46
 .debug_info    0x00000000     0x251b ..\obj\usb_core.o
 .debug_info    0x0000251b      0x2ed ..\obj\config_port.o
 .debug_info    0x00002808      0x1cb ..\obj\usbd_usr.o
 .debug_info    0x000029d3      0x6e4 ..\obj\config_encoder.o
 .debug_info    0x000030b7      0xcaa ..\obj\config_usb.o
 .debug_info    0x00003d61      0x9c2 ..\obj\stm32f4xx_usart.o
 .debug_info    0x00004723      0x477 ..\obj\my_standard_io.o
 .debug_info    0x00004b9a       0xed ..\obj\startup_stm32f4xx.o
 .debug_info    0x00004c87      0xe95 ..\obj\usbd_core.o
 .debug_info    0x00005b1c     0x1295 ..\obj\main.o
 .debug_info    0x00006db1      0xc4d ..\obj\stm32f4xx_rcc.o
 .debug_info    0x000079fe      0x363 ..\obj\usbd_desc.o
 .debug_info    0x00007d61      0x6d4 ..\obj\config_systick.o
 .debug_info    0x00008435      0x602 ..\obj\stm32f4xx_gpio.o
 .debug_info    0x00008a37      0x4ae ..\obj\usbd_cdc_vcp.o
 .debug_info    0x00008ee5      0x592 ..\obj\system_stm32f4xx.o
 .debug_info    0x00009477     0x1004 ..\obj\usb_bsp.o
 .debug_info    0x0000a47b      0xf9b ..\obj\usbd_req.o
 .debug_info    0x0000b416     0x1d6d ..\obj\usb_dcd_int.o
 .debug_info    0x0000d183      0xef2 ..\obj\usbd_cdc_core.o
 .debug_info    0x0000e075      0x347 ..\obj\stm32f4xx_exti.o
 .debug_info    0x0000e3bc      0x8c9 ..\obj\name_converter.o
 .debug_info    0x0000ec85      0x53d ..\obj\misc.o
 .debug_info    0x0000f1c2     0x101f ..\obj\usb_dcd.o
 .debug_info    0x000101e1      0xcb7 ..\obj\usbd_ioreq.o
 .debug_info    0x00010e98      0x44d ..\obj\config_usart.o
 .debug_info    0x000112e5     0x1c61 ..\obj\stm32f4xx_tim.o

.debug_abbrev   0x00000000     0x2d53
 .debug_abbrev  0x00000000      0x2e7 ..\obj\usb_core.o
 .debug_abbrev  0x000002e7      0x126 ..\obj\config_port.o
 .debug_abbrev  0x0000040d       0xdd ..\obj\usbd_usr.o
 .debug_abbrev  0x000004ea      0x189 ..\obj\config_encoder.o
 .debug_abbrev  0x00000673      0x204 ..\obj\config_usb.o
 .debug_abbrev  0x00000877      0x155 ..\obj\stm32f4xx_usart.o
 .debug_abbrev  0x000009cc      0x100 ..\obj\my_standard_io.o
 .debug_abbrev  0x00000acc       0xb0 ..\obj\startup_stm32f4xx.o
 .debug_abbrev  0x00000b7c      0x21d ..\obj\usbd_core.o
 .debug_abbrev  0x00000d99      0x240 ..\obj\main.o
 .debug_abbrev  0x00000fd9      0x1e3 ..\obj\stm32f4xx_rcc.o
 .debug_abbrev  0x000011bc      0x12c ..\obj\usbd_desc.o
 .debug_abbrev  0x000012e8      0x18e ..\obj\config_systick.o
 .debug_abbrev  0x00001476      0x1a3 ..\obj\stm32f4xx_gpio.o
 .debug_abbrev  0x00001619      0x189 ..\obj\usbd_cdc_vcp.o
 .debug_abbrev  0x000017a2      0x136 ..\obj\system_stm32f4xx.o
 .debug_abbrev  0x000018d8      0x22b ..\obj\usb_bsp.o
 .debug_abbrev  0x00001b03      0x293 ..\obj\usbd_req.o
 .debug_abbrev  0x00001d96      0x25b ..\obj\usb_dcd_int.o
 .debug_abbrev  0x00001ff1      0x215 ..\obj\usbd_cdc_core.o
 .debug_abbrev  0x00002206      0x1a5 ..\obj\stm32f4xx_exti.o
 .debug_abbrev  0x000023ab      0x18d ..\obj\name_converter.o
 .debug_abbrev  0x00002538      0x145 ..\obj\misc.o
 .debug_abbrev  0x0000267d      0x259 ..\obj\usb_dcd.o
 .debug_abbrev  0x000028d6      0x1af ..\obj\usbd_ioreq.o
 .debug_abbrev  0x00002a85      0x147 ..\obj\config_usart.o
 .debug_abbrev  0x00002bcc      0x187 ..\obj\stm32f4xx_tim.o

.debug_aranges  0x00000000      0xf10
 .debug_aranges
                0x00000000      0x138 ..\obj\usb_core.o
 .debug_aranges
                0x00000138       0x20 ..\obj\config_port.o
 .debug_aranges
                0x00000158       0x50 ..\obj\usbd_usr.o
 .debug_aranges
                0x000001a8       0x80 ..\obj\config_encoder.o
 .debug_aranges
                0x00000228       0x80 ..\obj\config_usb.o
 .debug_aranges
                0x000002a8      0x100 ..\obj\stm32f4xx_usart.o
 .debug_aranges
                0x000003a8       0x80 ..\obj\my_standard_io.o
 .debug_aranges
                0x00000428       0x28 ..\obj\startup_stm32f4xx.o
 .debug_aranges
                0x00000450       0x80 ..\obj\usbd_core.o
 .debug_aranges
                0x000004d0       0x68 ..\obj\main.o
 .debug_aranges
                0x00000538      0x178 ..\obj\stm32f4xx_rcc.o
 .debug_aranges
                0x000006b0       0x50 ..\obj\usbd_desc.o
 .debug_aranges
                0x00000700       0x38 ..\obj\config_systick.o
 .debug_aranges
                0x00000738       0x88 ..\obj\stm32f4xx_gpio.o
 .debug_aranges
                0x000007c0       0x70 ..\obj\usbd_cdc_vcp.o
 .debug_aranges
                0x00000830       0x30 ..\obj\system_stm32f4xx.o
 .debug_aranges
                0x00000860       0x48 ..\obj\usb_bsp.o
 .debug_aranges
                0x000008a8       0x88 ..\obj\usbd_req.o
 .debug_aranges
                0x00000930       0x80 ..\obj\usb_dcd_int.o
 .debug_aranges
                0x000009b0       0x60 ..\obj\usbd_cdc_core.o
 .debug_aranges
                0x00000a10       0x58 ..\obj\stm32f4xx_exti.o
 .debug_aranges
                0x00000a68       0x68 ..\obj\name_converter.o
 .debug_aranges
                0x00000ad0       0x40 ..\obj\misc.o
 .debug_aranges
                0x00000b10       0x80 ..\obj\usb_dcd.o
 .debug_aranges
                0x00000b90       0x50 ..\obj\usbd_ioreq.o
 .debug_aranges
                0x00000be0       0x38 ..\obj\config_usart.o
 .debug_aranges
                0x00000c18      0x2f8 ..\obj\stm32f4xx_tim.o

.debug_ranges   0x00000000      0xd60
 .debug_ranges  0x00000000      0x128 ..\obj\usb_core.o
 .debug_ranges  0x00000128       0x10 ..\obj\config_port.o
 .debug_ranges  0x00000138       0x40 ..\obj\usbd_usr.o
 .debug_ranges  0x00000178       0x70 ..\obj\config_encoder.o
 .debug_ranges  0x000001e8       0x70 ..\obj\config_usb.o
 .debug_ranges  0x00000258       0xf0 ..\obj\stm32f4xx_usart.o
 .debug_ranges  0x00000348       0x70 ..\obj\my_standard_io.o
 .debug_ranges  0x000003b8       0x18 ..\obj\startup_stm32f4xx.o
 .debug_ranges  0x000003d0       0x70 ..\obj\usbd_core.o
 .debug_ranges  0x00000440       0x58 ..\obj\main.o
 .debug_ranges  0x00000498      0x168 ..\obj\stm32f4xx_rcc.o
 .debug_ranges  0x00000600       0x40 ..\obj\usbd_desc.o
 .debug_ranges  0x00000640       0x28 ..\obj\config_systick.o
 .debug_ranges  0x00000668       0x78 ..\obj\stm32f4xx_gpio.o
 .debug_ranges  0x000006e0       0x60 ..\obj\usbd_cdc_vcp.o
 .debug_ranges  0x00000740       0x20 ..\obj\system_stm32f4xx.o
 .debug_ranges  0x00000760       0x38 ..\obj\usb_bsp.o
 .debug_ranges  0x00000798       0x78 ..\obj\usbd_req.o
 .debug_ranges  0x00000810       0x70 ..\obj\usb_dcd_int.o
 .debug_ranges  0x00000880       0x50 ..\obj\usbd_cdc_core.o
 .debug_ranges  0x000008d0       0x48 ..\obj\stm32f4xx_exti.o
 .debug_ranges  0x00000918       0x58 ..\obj\name_converter.o
 .debug_ranges  0x00000970       0x30 ..\obj\misc.o
 .debug_ranges  0x000009a0       0x70 ..\obj\usb_dcd.o
 .debug_ranges  0x00000a10       0x40 ..\obj\usbd_ioreq.o
 .debug_ranges  0x00000a50       0x28 ..\obj\config_usart.o
 .debug_ranges  0x00000a78      0x2e8 ..\obj\stm32f4xx_tim.o

.debug_line     0x00000000     0x67f3
 .debug_line    0x00000000      0x714 ..\obj\usb_core.o
 .debug_line    0x00000714      0x288 ..\obj\config_port.o
 .debug_line    0x0000099c      0x28d ..\obj\usbd_usr.o
 .debug_line    0x00000c29      0x3c5 ..\obj\config_encoder.o
 .debug_line    0x00000fee      0x4de ..\obj\config_usb.o
 .debug_line    0x000014cc      0x519 ..\obj\stm32f4xx_usart.o
 .debug_line    0x000019e5      0x259 ..\obj\my_standard_io.o
 .debug_line    0x00001c3e       0xbc ..\obj\startup_stm32f4xx.o
 .debug_line    0x00001cfa      0x3b7 ..\obj\usbd_core.o
 .debug_line    0x000020b1      0x4b8 ..\obj\main.o
 .debug_line    0x00002569      0x611 ..\obj\stm32f4xx_rcc.o
 .debug_line    0x00002b7a      0x2b1 ..\obj\usbd_desc.o
 .debug_line    0x00002e2b      0x26b ..\obj\config_systick.o
 .debug_line    0x00003096      0x3b6 ..\obj\stm32f4xx_gpio.o
 .debug_line    0x0000344c      0x3d1 ..\obj\usbd_cdc_vcp.o
 .debug_line    0x0000381d      0x22b ..\obj\system_stm32f4xx.o
 .debug_line    0x00003a48      0x37c ..\obj\usb_bsp.o
 .debug_line    0x00003dc4      0x467 ..\obj\usbd_req.o
 .debug_line    0x0000422b      0x3f7 ..\obj\usb_dcd_int.o
 .debug_line    0x00004622      0x3a5 ..\obj\usbd_cdc_core.o
 .debug_line    0x000049c7      0x31c ..\obj\stm32f4xx_exti.o
 .debug_line    0x00004ce3      0x45a ..\obj\name_converter.o
 .debug_line    0x0000513d      0x2bc ..\obj\misc.o
 .debug_line    0x000053f9      0x37f ..\obj\usb_dcd.o
 .debug_line    0x00005778      0x2cb ..\obj\usbd_ioreq.o
 .debug_line    0x00005a43      0x2d4 ..\obj\config_usart.o
 .debug_line    0x00005d17      0xadc ..\obj\stm32f4xx_tim.o

.debug_str      0x00000000     0x52b5
 .debug_str     0x00000000     0x1375 ..\obj\usb_core.o
                               0x16db (size before relaxing)
 .debug_str     0x00001375      0x212 ..\obj\config_port.o
                                0x398 (size before relaxing)
 .debug_str     0x00001587      0x112 ..\obj\usbd_usr.o
                                0x2fb (size before relaxing)
 .debug_str     0x00001699      0x37b ..\obj\config_encoder.o
                                0x5d7 (size before relaxing)
 .debug_str     0x00001a14      0x156 ..\obj\config_usb.o
                                0xaa8 (size before relaxing)
 .debug_str     0x00001b6a      0x4cd ..\obj\stm32f4xx_usart.o
                                0x6cc (size before relaxing)
 .debug_str     0x00002037      0x16b ..\obj\my_standard_io.o
                                0x2ce (size before relaxing)
 .debug_str     0x000021a2       0xca ..\obj\startup_stm32f4xx.o
                                0x184 (size before relaxing)
 .debug_str     0x0000226c      0x1bb ..\obj\usbd_core.o
                                0xb21 (size before relaxing)
 .debug_str     0x00002427      0x2cd ..\obj\main.o
                                0xda3 (size before relaxing)
 .debug_str     0x000026f4      0x5fd ..\obj\stm32f4xx_rcc.o
                                0x88d (size before relaxing)
 .debug_str     0x00002cf1      0x182 ..\obj\usbd_desc.o
                                0x3d4 (size before relaxing)
 .debug_str     0x00002e73      0x64e ..\obj\config_systick.o
                                0x822 (size before relaxing)
 .debug_str     0x000034c1      0x1bd ..\obj\stm32f4xx_gpio.o
                                0x4e0 (size before relaxing)
 .debug_str     0x0000367e      0x1f2 ..\obj\usbd_cdc_vcp.o
                                0x406 (size before relaxing)
 .debug_str     0x00003870       0xce ..\obj\system_stm32f4xx.o
                                0x3e7 (size before relaxing)
 .debug_str     0x0000393e      0x17c ..\obj\usb_bsp.o
                               0x1122 (size before relaxing)
 .debug_str     0x00003aba      0x1a1 ..\obj\usbd_req.o
                                0xb4c (size before relaxing)
 .debug_str     0x00003c5b      0x2b6 ..\obj\usb_dcd_int.o
                               0x12d9 (size before relaxing)
 .debug_str     0x00003f11      0x1be ..\obj\usbd_cdc_core.o
                                0xb69 (size before relaxing)
 .debug_str     0x000040cf      0x1f4 ..\obj\stm32f4xx_exti.o
                                0x396 (size before relaxing)
 .debug_str     0x000042c3      0x128 ..\obj\name_converter.o
                                0x9ac (size before relaxing)
 .debug_str     0x000043eb      0x12d ..\obj\misc.o
                                0x40b (size before relaxing)
 .debug_str     0x00004518      0x13c ..\obj\usb_dcd.o
                                0xb7b (size before relaxing)
 .debug_str     0x00004654       0xf7 ..\obj\usbd_ioreq.o
                                0xa0b (size before relaxing)
 .debug_str     0x0000474b       0xca ..\obj\config_usart.o
                                0x4ae (size before relaxing)
 .debug_str     0x00004815      0xaa0 ..\obj\stm32f4xx_tim.o
                                0xe0d (size before relaxing)

.comment        0x00000000       0x70
 .comment       0x00000000       0x70 ..\obj\usb_core.o
                                 0x71 (size before relaxing)
 .comment       0x00000000       0x71 ..\obj\config_port.o
 .comment       0x00000000       0x71 ..\obj\usbd_usr.o
 .comment       0x00000000       0x71 ..\obj\config_encoder.o
 .comment       0x00000000       0x71 ..\obj\config_usb.o
 .comment       0x00000000       0x71 ..\obj\stm32f4xx_usart.o
 .comment       0x00000000       0x71 ..\obj\my_standard_io.o
 .comment       0x00000000       0x71 ..\obj\startup_stm32f4xx.o
 .comment       0x00000000       0x71 ..\obj\usbd_core.o
 .comment       0x00000000       0x71 ..\obj\main.o
 .comment       0x00000000       0x71 ..\obj\stm32f4xx_rcc.o
 .comment       0x00000000       0x71 ..\obj\usbd_desc.o
 .comment       0x00000000       0x71 ..\obj\config_systick.o
 .comment       0x00000000       0x71 ..\obj\stm32f4xx_gpio.o
 .comment       0x00000000       0x71 ..\obj\usbd_cdc_vcp.o
 .comment       0x00000000       0x71 ..\obj\system_stm32f4xx.o
 .comment       0x00000000       0x71 ..\obj\usb_bsp.o
 .comment       0x00000000       0x71 ..\obj\usbd_req.o
 .comment       0x00000000       0x71 ..\obj\usb_dcd_int.o
 .comment       0x00000000       0x71 ..\obj\usbd_cdc_core.o
 .comment       0x00000000       0x71 ..\obj\stm32f4xx_exti.o
 .comment       0x00000000       0x71 ..\obj\name_converter.o
 .comment       0x00000000       0x71 ..\obj\misc.o
 .comment       0x00000000       0x71 ..\obj\usb_dcd.o
 .comment       0x00000000       0x71 ..\obj\usbd_ioreq.o
 .comment       0x00000000       0x71 ..\obj\config_usart.o
 .comment       0x00000000       0x71 ..\obj\stm32f4xx_tim.o

.ARM.attributes
                0x00000000       0x37
 .ARM.attributes
                0x00000000       0x39 ..\obj\usb_core.o
 .ARM.attributes
                0x00000039       0x39 ..\obj\config_port.o
 .ARM.attributes
                0x00000072       0x39 ..\obj\usbd_usr.o
 .ARM.attributes
                0x000000ab       0x39 ..\obj\config_encoder.o
 .ARM.attributes
                0x000000e4       0x39 ..\obj\config_usb.o
 .ARM.attributes
                0x0000011d       0x39 ..\obj\stm32f4xx_usart.o
 .ARM.attributes
                0x00000156       0x39 ..\obj\my_standard_io.o
 .ARM.attributes
                0x0000018f       0x39 ..\obj\startup_stm32f4xx.o
 .ARM.attributes
                0x000001c8       0x39 ..\obj\usbd_core.o
 .ARM.attributes
                0x00000201       0x39 ..\obj\main.o
 .ARM.attributes
                0x0000023a       0x39 ..\obj\stm32f4xx_rcc.o
 .ARM.attributes
                0x00000273       0x39 ..\obj\usbd_desc.o
 .ARM.attributes
                0x000002ac       0x39 ..\obj\config_systick.o
 .ARM.attributes
                0x000002e5       0x39 ..\obj\stm32f4xx_gpio.o
 .ARM.attributes
                0x0000031e       0x39 ..\obj\usbd_cdc_vcp.o
 .ARM.attributes
                0x00000357       0x39 ..\obj\system_stm32f4xx.o
 .ARM.attributes
                0x00000390       0x39 ..\obj\usb_bsp.o
 .ARM.attributes
                0x000003c9       0x39 ..\obj\usbd_req.o
 .ARM.attributes
                0x00000402       0x39 ..\obj\usb_dcd_int.o
 .ARM.attributes
                0x0000043b       0x39 ..\obj\usbd_cdc_core.o
 .ARM.attributes
                0x00000474       0x39 ..\obj\stm32f4xx_exti.o
 .ARM.attributes
                0x000004ad       0x39 ..\obj\name_converter.o
 .ARM.attributes
                0x000004e6       0x39 ..\obj\misc.o
 .ARM.attributes
                0x0000051f       0x39 ..\obj\usb_dcd.o
 .ARM.attributes
                0x00000558       0x39 ..\obj\usbd_ioreq.o
 .ARM.attributes
                0x00000591       0x39 ..\obj\config_usart.o
 .ARM.attributes
                0x000005ca       0x39 ..\obj\stm32f4xx_tim.o
 .ARM.attributes
                0x00000603       0x34 c:/program files (x86)/gnu tools arm embedded/4.8 2014q3/bin/../lib/gcc/arm-none-eabi/4.8.4/../../../../arm-none-eabi/lib/armv7e-m/fpu\libm.a(lib_a-sf_modf.o)
 .ARM.attributes
                0x00000637       0x34 c:/program files (x86)/gnu tools arm embedded/4.8 2014q3/bin/../lib/gcc/arm-none-eabi/4.8.4/../../../../arm-none-eabi/lib/armv7e-m/fpu\libm.a(lib_a-sf_round.o)
 .ARM.attributes
                0x0000066b       0x34 c:/program files (x86)/gnu tools arm embedded/4.8 2014q3/bin/../lib/gcc/arm-none-eabi/4.8.4/../../../../arm-none-eabi/lib/armv7e-m/fpu\libm.a(lib_a-w_pow.o)
 .ARM.attributes
                0x0000069f       0x34 c:/program files (x86)/gnu tools arm embedded/4.8 2014q3/bin/../lib/gcc/arm-none-eabi/4.8.4/../../../../arm-none-eabi/lib/armv7e-m/fpu\libm.a(lib_a-wf_pow.o)
 .ARM.attributes
                0x000006d3       0x34 c:/program files (x86)/gnu tools arm embedded/4.8 2014q3/bin/../lib/gcc/arm-none-eabi/4.8.4/../../../../arm-none-eabi/lib/armv7e-m/fpu\libm.a(lib_a-e_pow.o)
 .ARM.attributes
                0x00000707       0x34 c:/program files (x86)/gnu tools arm embedded/4.8 2014q3/bin/../lib/gcc/arm-none-eabi/4.8.4/../../../../arm-none-eabi/lib/armv7e-m/fpu\libm.a(lib_a-e_sqrt.o)
 .ARM.attributes
                0x0000073b       0x34 c:/program files (x86)/gnu tools arm embedded/4.8 2014q3/bin/../lib/gcc/arm-none-eabi/4.8.4/../../../../arm-none-eabi/lib/armv7e-m/fpu\libm.a(lib_a-ef_pow.o)
 .ARM.attributes
                0x0000076f       0x34 c:/program files (x86)/gnu tools arm embedded/4.8 2014q3/bin/../lib/gcc/arm-none-eabi/4.8.4/../../../../arm-none-eabi/lib/armv7e-m/fpu\libm.a(lib_a-ef_sqrt.o)
 .ARM.attributes
                0x000007a3       0x34 c:/program files (x86)/gnu tools arm embedded/4.8 2014q3/bin/../lib/gcc/arm-none-eabi/4.8.4/../../../../arm-none-eabi/lib/armv7e-m/fpu\libm.a(lib_a-s_fabs.o)
 .ARM.attributes
                0x000007d7       0x34 c:/program files (x86)/gnu tools arm embedded/4.8 2014q3/bin/../lib/gcc/arm-none-eabi/4.8.4/../../../../arm-none-eabi/lib/armv7e-m/fpu\libm.a(lib_a-s_finite.o)
 .ARM.attributes
                0x0000080b       0x34 c:/program files (x86)/gnu tools arm embedded/4.8 2014q3/bin/../lib/gcc/arm-none-eabi/4.8.4/../../../../arm-none-eabi/lib/armv7e-m/fpu\libm.a(lib_a-s_fpclassify.o)
 .ARM.attributes
                0x0000083f       0x34 c:/program files (x86)/gnu tools arm embedded/4.8 2014q3/bin/../lib/gcc/arm-none-eabi/4.8.4/../../../../arm-none-eabi/lib/armv7e-m/fpu\libm.a(lib_a-s_lib_ver.o)
 .ARM.attributes
                0x00000873       0x34 c:/program files (x86)/gnu tools arm embedded/4.8 2014q3/bin/../lib/gcc/arm-none-eabi/4.8.4/../../../../arm-none-eabi/lib/armv7e-m/fpu\libm.a(lib_a-s_matherr.o)
 .ARM.attributes
                0x000008a7       0x34 c:/program files (x86)/gnu tools arm embedded/4.8 2014q3/bin/../lib/gcc/arm-none-eabi/4.8.4/../../../../arm-none-eabi/lib/armv7e-m/fpu\libm.a(lib_a-s_nan.o)
 .ARM.attributes
                0x000008db       0x34 c:/program files (x86)/gnu tools arm embedded/4.8 2014q3/bin/../lib/gcc/arm-none-eabi/4.8.4/../../../../arm-none-eabi/lib/armv7e-m/fpu\libm.a(lib_a-s_rint.o)
 .ARM.attributes
                0x0000090f       0x34 c:/program files (x86)/gnu tools arm embedded/4.8 2014q3/bin/../lib/gcc/arm-none-eabi/4.8.4/../../../../arm-none-eabi/lib/armv7e-m/fpu\libm.a(lib_a-s_scalbn.o)
 .ARM.attributes
                0x00000943       0x34 c:/program files (x86)/gnu tools arm embedded/4.8 2014q3/bin/../lib/gcc/arm-none-eabi/4.8.4/../../../../arm-none-eabi/lib/armv7e-m/fpu\libm.a(lib_a-sf_fabs.o)
 .ARM.attributes
                0x00000977       0x34 c:/program files (x86)/gnu tools arm embedded/4.8 2014q3/bin/../lib/gcc/arm-none-eabi/4.8.4/../../../../arm-none-eabi/lib/armv7e-m/fpu\libm.a(lib_a-sf_finite.o)
 .ARM.attributes
                0x000009ab       0x34 c:/program files (x86)/gnu tools arm embedded/4.8 2014q3/bin/../lib/gcc/arm-none-eabi/4.8.4/../../../../arm-none-eabi/lib/armv7e-m/fpu\libm.a(lib_a-sf_fpclassify.o)
 .ARM.attributes
                0x000009df       0x34 c:/program files (x86)/gnu tools arm embedded/4.8 2014q3/bin/../lib/gcc/arm-none-eabi/4.8.4/../../../../arm-none-eabi/lib/armv7e-m/fpu\libm.a(lib_a-sf_nan.o)
 .ARM.attributes
                0x00000a13       0x34 c:/program files (x86)/gnu tools arm embedded/4.8 2014q3/bin/../lib/gcc/arm-none-eabi/4.8.4/../../../../arm-none-eabi/lib/armv7e-m/fpu\libm.a(lib_a-sf_scalbn.o)
 .ARM.attributes
                0x00000a47       0x34 c:/program files (x86)/gnu tools arm embedded/4.8 2014q3/bin/../lib/gcc/arm-none-eabi/4.8.4/../../../../arm-none-eabi/lib/armv7e-m/fpu\libm.a(lib_a-s_copysign.o)
 .ARM.attributes
                0x00000a7b       0x34 c:/program files (x86)/gnu tools arm embedded/4.8 2014q3/bin/../lib/gcc/arm-none-eabi/4.8.4/../../../../arm-none-eabi/lib/armv7e-m/fpu\libm.a(lib_a-sf_copysign.o)
 .ARM.attributes
                0x00000aaf       0x22 c:/program files (x86)/gnu tools arm embedded/4.8 2014q3/bin/../lib/gcc/arm-none-eabi/4.8.4/armv7e-m/fpu\libgcc.a(_arm_addsubdf3.o)
 .ARM.attributes
                0x00000ad1       0x22 c:/program files (x86)/gnu tools arm embedded/4.8 2014q3/bin/../lib/gcc/arm-none-eabi/4.8.4/armv7e-m/fpu\libgcc.a(_arm_muldivdf3.o)
 .ARM.attributes
                0x00000af3       0x22 c:/program files (x86)/gnu tools arm embedded/4.8 2014q3/bin/../lib/gcc/arm-none-eabi/4.8.4/armv7e-m/fpu\libgcc.a(_arm_cmpdf2.o)
 .ARM.attributes
                0x00000b15       0x22 c:/program files (x86)/gnu tools arm embedded/4.8 2014q3/bin/../lib/gcc/arm-none-eabi/4.8.4/armv7e-m/fpu\libgcc.a(_arm_fixunsdfsi.o)
 .ARM.attributes
                0x00000b37       0x22 c:/program files (x86)/gnu tools arm embedded/4.8 2014q3/bin/../lib/gcc/arm-none-eabi/4.8.4/armv7e-m/fpu\libgcc.a(_arm_truncdfsf2.o)
 .ARM.attributes
                0x00000b59       0x34 c:/program files (x86)/gnu tools arm embedded/4.8 2014q3/bin/../lib/gcc/arm-none-eabi/4.8.4/../../../../arm-none-eabi/lib/armv7e-m/fpu\libc.a(lib_a-errno.o)
 .ARM.attributes
                0x00000b8d       0x34 c:/program files (x86)/gnu tools arm embedded/4.8 2014q3/bin/../lib/gcc/arm-none-eabi/4.8.4/../../../../arm-none-eabi/lib/armv7e-m/fpu\libc.a(lib_a-impure.o)

.debug_frame    0x00000000     0x3338
 .debug_frame   0x00000000      0x434 ..\obj\usb_core.o
 .debug_frame   0x00000434       0x30 ..\obj\config_port.o
 .debug_frame   0x00000464       0xbc ..\obj\usbd_usr.o
 .debug_frame   0x00000520      0x184 ..\obj\config_encoder.o
 .debug_frame   0x000006a4      0x174 ..\obj\config_usb.o
 .debug_frame   0x00000818      0x344 ..\obj\stm32f4xx_usart.o
 .debug_frame   0x00000b5c      0x1bc ..\obj\my_standard_io.o
 .debug_frame   0x00000d18       0x48 ..\obj\startup_stm32f4xx.o
 .debug_frame   0x00000d60      0x1ac ..\obj\usbd_core.o
 .debug_frame   0x00000f0c      0x168 ..\obj\main.o
 .debug_frame   0x00001074      0x4d8 ..\obj\stm32f4xx_rcc.o
 .debug_frame   0x0000154c       0xe8 ..\obj\usbd_desc.o
 .debug_frame   0x00001634       0x84 ..\obj\config_systick.o
 .debug_frame   0x000016b8      0x19c ..\obj\stm32f4xx_gpio.o
 .debug_frame   0x00001854      0x144 ..\obj\usbd_cdc_vcp.o
 .debug_frame   0x00001998       0x64 ..\obj\system_stm32f4xx.o
 .debug_frame   0x000019fc       0xc4 ..\obj\usb_bsp.o
 .debug_frame   0x00001ac0      0x1c8 ..\obj\usbd_req.o
 .debug_frame   0x00001c88      0x1ac ..\obj\usb_dcd_int.o
 .debug_frame   0x00001e34      0x12c ..\obj\usbd_cdc_core.o
 .debug_frame   0x00001f60       0xec ..\obj\stm32f4xx_exti.o
 .debug_frame   0x0000204c      0x13c ..\obj\name_converter.o
 .debug_frame   0x00002188       0x9c ..\obj\misc.o
 .debug_frame   0x00002224      0x1ac ..\obj\usb_dcd.o
 .debug_frame   0x000023d0       0xec ..\obj\usbd_ioreq.o
 .debug_frame   0x000024bc       0x7c ..\obj\config_usart.o
 .debug_frame   0x00002538      0xa3c ..\obj\stm32f4xx_tim.o
 .debug_frame   0x00002f74       0x28 c:/program files (x86)/gnu tools arm embedded/4.8 2014q3/bin/../lib/gcc/arm-none-eabi/4.8.4/../../../../arm-none-eabi/lib/armv7e-m/fpu\libm.a(lib_a-sf_modf.o)
 .debug_frame   0x00002f9c       0x20 c:/program files (x86)/gnu tools arm embedded/4.8 2014q3/bin/../lib/gcc/arm-none-eabi/4.8.4/../../../../arm-none-eabi/lib/armv7e-m/fpu\libm.a(lib_a-sf_round.o)
 .debug_frame   0x00002fbc       0x40 c:/program files (x86)/gnu tools arm embedded/4.8 2014q3/bin/../lib/gcc/arm-none-eabi/4.8.4/../../../../arm-none-eabi/lib/armv7e-m/fpu\libm.a(lib_a-w_pow.o)
 .debug_frame   0x00002ffc       0x38 c:/program files (x86)/gnu tools arm embedded/4.8 2014q3/bin/../lib/gcc/arm-none-eabi/4.8.4/../../../../arm-none-eabi/lib/armv7e-m/fpu\libm.a(lib_a-wf_pow.o)
 .debug_frame   0x00003034       0x44 c:/program files (x86)/gnu tools arm embedded/4.8 2014q3/bin/../lib/gcc/arm-none-eabi/4.8.4/../../../../arm-none-eabi/lib/armv7e-m/fpu\libm.a(lib_a-e_pow.o)
 .debug_frame   0x00003078       0x3c c:/program files (x86)/gnu tools arm embedded/4.8 2014q3/bin/../lib/gcc/arm-none-eabi/4.8.4/../../../../arm-none-eabi/lib/armv7e-m/fpu\libm.a(lib_a-e_sqrt.o)
 .debug_frame   0x000030b4       0x3c c:/program files (x86)/gnu tools arm embedded/4.8 2014q3/bin/../lib/gcc/arm-none-eabi/4.8.4/../../../../arm-none-eabi/lib/armv7e-m/fpu\libm.a(lib_a-ef_pow.o)
 .debug_frame   0x000030f0       0x2c c:/program files (x86)/gnu tools arm embedded/4.8 2014q3/bin/../lib/gcc/arm-none-eabi/4.8.4/../../../../arm-none-eabi/lib/armv7e-m/fpu\libm.a(lib_a-ef_sqrt.o)
 .debug_frame   0x0000311c       0x20 c:/program files (x86)/gnu tools arm embedded/4.8 2014q3/bin/../lib/gcc/arm-none-eabi/4.8.4/../../../../arm-none-eabi/lib/armv7e-m/fpu\libm.a(lib_a-s_fabs.o)
 .debug_frame   0x0000313c       0x20 c:/program files (x86)/gnu tools arm embedded/4.8 2014q3/bin/../lib/gcc/arm-none-eabi/4.8.4/../../../../arm-none-eabi/lib/armv7e-m/fpu\libm.a(lib_a-s_finite.o)
 .debug_frame   0x0000315c       0x28 c:/program files (x86)/gnu tools arm embedded/4.8 2014q3/bin/../lib/gcc/arm-none-eabi/4.8.4/../../../../arm-none-eabi/lib/armv7e-m/fpu\libm.a(lib_a-s_fpclassify.o)
 .debug_frame   0x00003184       0x20 c:/program files (x86)/gnu tools arm embedded/4.8 2014q3/bin/../lib/gcc/arm-none-eabi/4.8.4/../../../../arm-none-eabi/lib/armv7e-m/fpu\libm.a(lib_a-s_matherr.o)
 .debug_frame   0x000031a4       0x20 c:/program files (x86)/gnu tools arm embedded/4.8 2014q3/bin/../lib/gcc/arm-none-eabi/4.8.4/../../../../arm-none-eabi/lib/armv7e-m/fpu\libm.a(lib_a-s_nan.o)
 .debug_frame   0x000031c4       0x30 c:/program files (x86)/gnu tools arm embedded/4.8 2014q3/bin/../lib/gcc/arm-none-eabi/4.8.4/../../../../arm-none-eabi/lib/armv7e-m/fpu\libm.a(lib_a-s_rint.o)
 .debug_frame   0x000031f4       0x2c c:/program files (x86)/gnu tools arm embedded/4.8 2014q3/bin/../lib/gcc/arm-none-eabi/4.8.4/../../../../arm-none-eabi/lib/armv7e-m/fpu\libm.a(lib_a-s_scalbn.o)
 .debug_frame   0x00003220       0x20 c:/program files (x86)/gnu tools arm embedded/4.8 2014q3/bin/../lib/gcc/arm-none-eabi/4.8.4/../../../../arm-none-eabi/lib/armv7e-m/fpu\libm.a(lib_a-sf_fabs.o)
 .debug_frame   0x00003240       0x20 c:/program files (x86)/gnu tools arm embedded/4.8 2014q3/bin/../lib/gcc/arm-none-eabi/4.8.4/../../../../arm-none-eabi/lib/armv7e-m/fpu\libm.a(lib_a-sf_finite.o)
 .debug_frame   0x00003260       0x20 c:/program files (x86)/gnu tools arm embedded/4.8 2014q3/bin/../lib/gcc/arm-none-eabi/4.8.4/../../../../arm-none-eabi/lib/armv7e-m/fpu\libm.a(lib_a-sf_fpclassify.o)
 .debug_frame   0x00003280       0x20 c:/program files (x86)/gnu tools arm embedded/4.8 2014q3/bin/../lib/gcc/arm-none-eabi/4.8.4/../../../../arm-none-eabi/lib/armv7e-m/fpu\libm.a(lib_a-sf_nan.o)
 .debug_frame   0x000032a0       0x30 c:/program files (x86)/gnu tools arm embedded/4.8 2014q3/bin/../lib/gcc/arm-none-eabi/4.8.4/../../../../arm-none-eabi/lib/armv7e-m/fpu\libm.a(lib_a-sf_scalbn.o)
 .debug_frame   0x000032d0       0x28 c:/program files (x86)/gnu tools arm embedded/4.8 2014q3/bin/../lib/gcc/arm-none-eabi/4.8.4/../../../../arm-none-eabi/lib/armv7e-m/fpu\libm.a(lib_a-s_copysign.o)
 .debug_frame   0x000032f8       0x20 c:/program files (x86)/gnu tools arm embedded/4.8 2014q3/bin/../lib/gcc/arm-none-eabi/4.8.4/../../../../arm-none-eabi/lib/armv7e-m/fpu\libm.a(lib_a-sf_copysign.o)
 .debug_frame   0x00003318       0x20 c:/program files (x86)/gnu tools arm embedded/4.8 2014q3/bin/../lib/gcc/arm-none-eabi/4.8.4/../../../../arm-none-eabi/lib/armv7e-m/fpu\libc.a(lib_a-errno.o)
